2025-09-27 16:02:40,269 [INFO] __main__: Found 100 pokemons
2025-09-27 16:02:40,349 [INFO] __main__: Processed pokemon: Bulbasaur
2025-09-27 16:02:40,423 [INFO] __main__: Processed pokemon: Ivysaur
2025-09-27 16:02:40,497 [INFO] __main__: Processed pokemon: Venusaur
2025-09-27 16:02:40,566 [INFO] __main__: Processed pokemon: Charmander
2025-09-27 16:02:40,637 [INFO] __main__: Processed pokemon: Charmeleon
2025-09-27 16:02:40,712 [INFO] __main__: Processed pokemon: Charizard
2025-09-27 16:02:40,783 [INFO] __main__: Processed pokemon: Squirtle
2025-09-27 16:02:40,853 [INFO] __main__: Processed pokemon: Wartortle
2025-09-27 16:02:40,922 [INFO] __main__: Processed pokemon: Blastoise
2025-09-27 16:02:40,993 [INFO] __main__: Processed pokemon: Caterpie
2025-09-27 16:02:41,061 [INFO] __main__: Processed pokemon: Metapod
2025-09-27 16:02:41,134 [INFO] __main__: Processed pokemon: Butterfree
2025-09-27 16:02:41,209 [INFO] __main__: Processed pokemon: Weedle
2025-09-27 16:02:41,277 [INFO] __main__: Processed pokemon: Kakuna
2025-09-27 16:02:41,346 [INFO] __main__: Processed pokemon: Beedrill
2025-09-27 16:02:41,416 [INFO] __main__: Processed pokemon: Pidgey
2025-09-27 16:02:41,486 [INFO] __main__: Processed pokemon: Pidgeotto
2025-09-27 16:02:41,555 [INFO] __main__: Processed pokemon: Pidgeot
2025-09-27 16:02:41,622 [INFO] __main__: Processed pokemon: Rattata
2025-09-27 16:02:41,690 [INFO] __main__: Processed pokemon: Raticate
2025-09-27 16:02:41,757 [INFO] __main__: Processed pokemon: Spearow
2025-09-27 16:02:41,825 [INFO] __main__: Processed pokemon: Fearow
2025-09-27 16:02:41,897 [INFO] __main__: Processed pokemon: Ekans
2025-09-27 16:02:41,965 [INFO] __main__: Processed pokemon: Arbok
2025-09-27 16:02:42,043 [INFO] __main__: Processed pokemon: Pikachu
2025-09-27 16:02:42,120 [INFO] __main__: Processed pokemon: Raichu
2025-09-27 16:02:42,188 [INFO] __main__: Processed pokemon: Sandshrew
2025-09-27 16:02:42,260 [INFO] __main__: Processed pokemon: Sandslash
2025-09-27 16:02:42,329 [INFO] __main__: Processed pokemon: Nidoran-f
2025-09-27 16:02:42,401 [INFO] __main__: Processed pokemon: Nidorina
2025-09-27 16:02:42,472 [INFO] __main__: Processed pokemon: Nidoqueen
2025-09-27 16:02:42,545 [INFO] __main__: Processed pokemon: Nidoran-m
2025-09-27 16:02:42,614 [INFO] __main__: Processed pokemon: Nidorino
2025-09-27 16:02:42,684 [INFO] __main__: Processed pokemon: Nidoking
2025-09-27 16:02:42,758 [INFO] __main__: Processed pokemon: Clefairy
2025-09-27 16:02:42,829 [INFO] __main__: Processed pokemon: Clefable
2025-09-27 16:02:42,935 [INFO] __main__: Processed pokemon: Vulpix
2025-09-27 16:02:43,011 [INFO] __main__: Processed pokemon: Ninetales
2025-09-27 16:02:43,085 [INFO] __main__: Processed pokemon: Jigglypuff
2025-09-27 16:02:43,158 [INFO] __main__: Processed pokemon: Wigglytuff
2025-09-27 16:02:43,227 [INFO] __main__: Processed pokemon: Zubat
2025-09-27 16:02:43,295 [INFO] __main__: Processed pokemon: Golbat
2025-09-27 16:02:43,364 [INFO] __main__: Processed pokemon: Oddish
2025-09-27 16:02:43,434 [INFO] __main__: Processed pokemon: Gloom
2025-09-27 16:02:43,503 [INFO] __main__: Processed pokemon: Vileplume
2025-09-27 16:02:43,573 [INFO] __main__: Processed pokemon: Paras
2025-09-27 16:02:43,644 [INFO] __main__: Processed pokemon: Parasect
2025-09-27 16:02:43,716 [INFO] __main__: Processed pokemon: Venonat
2025-09-27 16:02:43,784 [INFO] __main__: Processed pokemon: Venomoth
2025-09-27 16:02:43,852 [INFO] __main__: Processed pokemon: Diglett
2025-09-27 16:02:43,921 [INFO] __main__: Processed pokemon: Dugtrio
2025-09-27 16:02:43,992 [INFO] __main__: Processed pokemon: Meowth
2025-09-27 16:02:44,060 [INFO] __main__: Processed pokemon: Persian
2025-09-27 16:02:44,130 [INFO] __main__: Processed pokemon: Psyduck
2025-09-27 16:02:44,200 [INFO] __main__: Processed pokemon: Golduck
2025-09-27 16:02:44,269 [INFO] __main__: Processed pokemon: Mankey
2025-09-27 16:02:44,340 [INFO] __main__: Processed pokemon: Primeape
2025-09-27 16:04:43,446 [INFO] __main__: Processed pokemon: Growlithe
2025-09-27 16:04:43,514 [INFO] __main__: Processed pokemon: Arcanine
2025-09-27 16:02:44,559 [INFO] __main__: Processed pokemon: Poliwag
2025-09-27 16:02:44,632 [INFO] __main__: Processed pokemon: Poliwhirl
2025-09-27 16:02:44,701 [INFO] __main__: Processed pokemon: Poliwrath
2025-09-27 16:02:44,769 [INFO] __main__: Processed pokemon: Abra
2025-09-27 16:02:44,840 [INFO] __main__: Processed pokemon: Kadabra
2025-09-27 16:02:44,910 [INFO] __main__: Processed pokemon: Alakazam
2025-09-27 16:02:44,979 [INFO] __main__: Processed pokemon: Machop
2025-09-27 16:02:45,047 [INFO] __main__: Processed pokemon: Machoke
2025-09-27 16:02:46,143 [INFO] __main__: Processed pokemon: Machamp
2025-09-27 16:02:46,213 [INFO] __main__: Processed pokemon: Bellsprout
2025-09-27 16:02:46,282 [INFO] __main__: Processed pokemon: Weepinbell
2025-09-27 16:02:46,351 [INFO] __main__: Processed pokemon: Victreebel
2025-09-27 16:02:46,420 [INFO] __main__: Processed pokemon: Tentacool
2025-09-27 16:02:46,489 [INFO] __main__: Processed pokemon: Tentacruel
2025-09-27 16:02:46,555 [INFO] __main__: Processed pokemon: Geodude
2025-09-27 16:02:46,625 [INFO] __main__: Processed pokemon: Graveler
2025-09-27 16:02:46,694 [INFO] __main__: Processed pokemon: Golem
2025-09-27 16:02:46,768 [INFO] __main__: Processed pokemon: Ponyta
2025-09-27 16:02:46,838 [INFO] __main__: Processed pokemon: Rapidash
2025-09-27 16:02:46,910 [INFO] __main__: Processed pokemon: Slowpoke
2025-09-27 16:02:46,981 [INFO] __main__: Processed pokemon: Slowbro
2025-09-27 16:02:47,054 [INFO] __main__: Processed pokemon: Magnemite
2025-09-27 16:02:47,127 [INFO] __main__: Processed pokemon: Magneton
2025-09-27 16:02:47,200 [INFO] __main__: Processed pokemon: Farfetchd
2025-09-27 16:02:47,279 [INFO] __main__: Processed pokemon: Doduo
2025-09-27 16:02:47,360 [INFO] __main__: Processed pokemon: Dodrio
2025-09-27 16:02:47,430 [INFO] __main__: Processed pokemon: Seel
2025-09-27 16:02:47,500 [INFO] __main__: Processed pokemon: Dewgong
2025-09-27 16:02:47,569 [INFO] __main__: Processed pokemon: Grimer
2025-09-27 16:02:47,639 [INFO] __main__: Processed pokemon: Muk
2025-09-27 16:02:47,709 [INFO] __main__: Processed pokemon: Shellder
2025-09-27 16:02:47,778 [INFO] __main__: Processed pokemon: Cloyster
2025-09-27 16:02:47,852 [INFO] __main__: Processed pokemon: Gastly
2025-09-27 16:02:47,923 [INFO] __main__: Processed pokemon: Haunter
2025-09-27 16:02:47,997 [INFO] __main__: Processed pokemon: Gengar
2025-09-27 16:02:48,066 [INFO] __main__: Processed pokemon: Onix
2025-09-27 16:02:48,136 [INFO] __main__: Processed pokemon: Drowzee
2025-09-27 16:02:48,206 [INFO] __main__: Processed pokemon: Hypno
2025-09-27 16:02:48,275 [INFO] __main__: Processed pokemon: Krabby
2025-09-27 16:02:48,345 [INFO] __main__: Processed pokemon: Kingler
2025-09-27 16:02:48,413 [INFO] __main__: Processed pokemon: Voltorb
2025-09-27 16:02:48,437 [INFO] __main__: Top 5 Pokémon com maior experiência
2025-09-27 16:02:48,455 [ERROR] __main__: An error occurred: The truth value of a DataFrame is ambiguous. Use a.empty, a.bool(), a.item(), a.any() or a.all().
2025-09-27 16:38:24,140 [INFO] __main__: Found 100 pokemons
2025-09-27 16:38:24,219 [INFO] __main__: Processed pokemon: Bulbasaur
2025-09-27 16:38:24,297 [INFO] __main__: Processed pokemon: Ivysaur
2025-09-27 16:38:24,369 [INFO] __main__: Processed pokemon: Venusaur
2025-09-27 16:38:24,441 [INFO] __main__: Processed pokemon: Charmander
2025-09-27 16:38:24,514 [INFO] __main__: Processed pokemon: Charmeleon
2025-09-27 16:38:24,585 [INFO] __main__: Processed pokemon: Charizard
2025-09-27 16:38:24,656 [INFO] __main__: Processed pokemon: Squirtle
2025-09-27 16:38:24,728 [INFO] __main__: Processed pokemon: Wartortle
2025-09-27 16:38:24,799 [INFO] __main__: Processed pokemon: Blastoise
2025-09-27 16:38:24,871 [INFO] __main__: Processed pokemon: Caterpie
2025-09-27 16:38:24,939 [INFO] __main__: Processed pokemon: Metapod
2025-09-27 16:38:25,009 [INFO] __main__: Processed pokemon: Butterfree
2025-09-27 16:38:25,079 [INFO] __main__: Processed pokemon: Weedle
2025-09-27 16:38:25,147 [INFO] __main__: Processed pokemon: Kakuna
2025-09-27 16:38:25,219 [INFO] __main__: Processed pokemon: Beedrill
2025-09-27 16:38:25,296 [INFO] __main__: Processed pokemon: Pidgey
2025-09-27 16:38:25,366 [INFO] __main__: Processed pokemon: Pidgeotto
2025-09-27 16:38:25,436 [INFO] __main__: Processed pokemon: Pidgeot
2025-09-27 16:38:25,506 [INFO] __main__: Processed pokemon: Rattata
2025-09-27 16:38:25,579 [INFO] __main__: Processed pokemon: Raticate
2025-09-27 16:38:25,652 [INFO] __main__: Processed pokemon: Spearow
2025-09-27 16:38:25,721 [INFO] __main__: Processed pokemon: Fearow
2025-09-27 16:38:25,794 [INFO] __main__: Processed pokemon: Ekans
2025-09-27 16:38:25,868 [INFO] __main__: Processed pokemon: Arbok
2025-09-27 16:38:25,940 [INFO] __main__: Processed pokemon: Pikachu
2025-09-27 16:38:26,011 [INFO] __main__: Processed pokemon: Raichu
2025-09-27 16:38:26,081 [INFO] __main__: Processed pokemon: Sandshrew
2025-09-27 16:38:26,151 [INFO] __main__: Processed pokemon: Sandslash
2025-09-27 16:38:26,220 [INFO] __main__: Processed pokemon: Nidoran-f
2025-09-27 16:38:26,290 [INFO] __main__: Processed pokemon: Nidorina
2025-09-27 16:38:26,365 [INFO] __main__: Processed pokemon: Nidoqueen
2025-09-27 16:38:26,437 [INFO] __main__: Processed pokemon: Nidoran-m
2025-09-27 16:38:26,508 [INFO] __main__: Processed pokemon: Nidorino
2025-09-27 16:38:26,580 [INFO] __main__: Processed pokemon: Nidoking
2025-09-27 16:38:26,653 [INFO] __main__: Processed pokemon: Clefairy
2025-09-27 16:38:26,725 [INFO] __main__: Processed pokemon: Clefable
2025-09-27 16:38:26,795 [INFO] __main__: Processed pokemon: Vulpix
2025-09-27 16:38:26,875 [INFO] __main__: Processed pokemon: Ninetales
2025-09-27 16:38:26,951 [INFO] __main__: Processed pokemon: Jigglypuff
2025-09-27 16:38:27,021 [INFO] __main__: Processed pokemon: Wigglytuff
2025-09-27 16:38:27,097 [INFO] __main__: Processed pokemon: Zubat
2025-09-27 16:38:27,168 [INFO] __main__: Processed pokemon: Golbat
2025-09-27 16:38:27,245 [INFO] __main__: Processed pokemon: Oddish
2025-09-27 16:38:27,315 [INFO] __main__: Processed pokemon: Gloom
2025-09-27 16:38:27,386 [INFO] __main__: Processed pokemon: Vileplume
2025-09-27 16:38:27,456 [INFO] __main__: Processed pokemon: Paras
2025-09-27 16:38:27,525 [INFO] __main__: Processed pokemon: Parasect
2025-09-27 16:38:27,594 [INFO] __main__: Processed pokemon: Venonat
2025-09-27 16:38:27,663 [INFO] __main__: Processed pokemon: Venomoth
2025-09-27 16:38:28,758 [INFO] __main__: Processed pokemon: Diglett
2025-09-27 16:38:28,829 [INFO] __main__: Processed pokemon: Dugtrio
2025-09-27 16:38:28,902 [INFO] __main__: Processed pokemon: Meowth
2025-09-27 16:38:28,973 [INFO] __main__: Processed pokemon: Persian
2025-09-27 16:38:29,046 [INFO] __main__: Processed pokemon: Psyduck
2025-09-27 16:38:29,115 [INFO] __main__: Processed pokemon: Golduck
2025-09-27 16:38:29,186 [INFO] __main__: Processed pokemon: Mankey
2025-09-27 16:38:29,260 [INFO] __main__: Processed pokemon: Primeape
2025-09-27 16:38:29,339 [INFO] __main__: Processed pokemon: Growlithe
2025-09-27 16:38:29,412 [INFO] __main__: Processed pokemon: Arcanine
2025-09-27 16:38:29,488 [INFO] __main__: Processed pokemon: Poliwag
2025-09-27 16:38:29,558 [INFO] __main__: Processed pokemon: Poliwhirl
2025-09-27 16:38:29,633 [INFO] __main__: Processed pokemon: Poliwrath
2025-09-27 16:38:29,703 [INFO] __main__: Processed pokemon: Abra
2025-09-27 16:38:29,775 [INFO] __main__: Processed pokemon: Kadabra
2025-09-27 16:38:29,849 [INFO] __main__: Processed pokemon: Alakazam
2025-09-27 16:38:29,920 [INFO] __main__: Processed pokemon: Machop
2025-09-27 16:38:29,991 [INFO] __main__: Processed pokemon: Machoke
2025-09-27 16:38:30,064 [INFO] __main__: Processed pokemon: Machamp
2025-09-27 16:38:30,141 [INFO] __main__: Processed pokemon: Bellsprout
2025-09-27 16:38:30,209 [INFO] __main__: Processed pokemon: Weepinbell
2025-09-27 16:38:30,280 [INFO] __main__: Processed pokemon: Victreebel
2025-09-27 16:38:30,395 [INFO] __main__: Processed pokemon: Tentacool
2025-09-27 16:38:30,468 [INFO] __main__: Processed pokemon: Tentacruel
2025-09-27 16:38:30,542 [INFO] __main__: Processed pokemon: Geodude
2025-09-27 16:38:30,612 [INFO] __main__: Processed pokemon: Graveler
2025-09-27 16:38:30,684 [INFO] __main__: Processed pokemon: Golem
2025-09-27 16:38:30,761 [INFO] __main__: Processed pokemon: Ponyta
2025-09-27 16:38:30,830 [INFO] __main__: Processed pokemon: Rapidash
2025-09-27 16:38:30,902 [INFO] __main__: Processed pokemon: Slowpoke
2025-09-27 16:38:30,972 [INFO] __main__: Processed pokemon: Slowbro
2025-09-27 16:38:31,064 [INFO] __main__: Processed pokemon: Magnemite
2025-09-27 16:38:31,136 [INFO] __main__: Processed pokemon: Magneton
2025-09-27 16:38:31,206 [INFO] __main__: Processed pokemon: Farfetchd
2025-09-27 16:38:31,278 [INFO] __main__: Processed pokemon: Doduo
2025-09-27 16:38:31,351 [INFO] __main__: Processed pokemon: Dodrio
2025-09-27 16:38:31,421 [INFO] __main__: Processed pokemon: Seel
2025-09-27 16:38:31,492 [INFO] __main__: Processed pokemon: Dewgong
2025-09-27 16:38:31,566 [INFO] __main__: Processed pokemon: Grimer
2025-09-27 16:38:31,636 [INFO] __main__: Processed pokemon: Muk
2025-09-27 16:38:31,707 [INFO] __main__: Processed pokemon: Shellder
2025-09-27 16:38:31,775 [INFO] __main__: Processed pokemon: Cloyster
2025-09-27 16:38:31,847 [INFO] __main__: Processed pokemon: Gastly
2025-09-27 16:38:31,920 [INFO] __main__: Processed pokemon: Haunter
2025-09-27 16:38:31,991 [INFO] __main__: Processed pokemon: Gengar
2025-09-27 16:38:32,062 [INFO] __main__: Processed pokemon: Onix
2025-09-27 16:38:32,131 [INFO] __main__: Processed pokemon: Drowzee
2025-09-27 16:38:32,202 [INFO] __main__: Processed pokemon: Hypno
2025-09-27 16:38:32,272 [INFO] __main__: Processed pokemon: Krabby
2025-09-27 16:38:32,345 [INFO] __main__: Processed pokemon: Kingler
2025-09-27 16:38:32,418 [INFO] __main__: Processed pokemon: Voltorb
2025-09-27 16:38:32,455 [INFO] __main__: Top 5 Pokémon com maior experiência
2025-09-27 16:38:36,449 [ERROR] __main__: An error occurred: The truth value of a DataFrame is ambiguous. Use a.empty, a.bool(), a.item(), a.any() or a.all().
